Microchip MPLAB XC8 Compiler V1.41 ()

Linker command line:

-W-3 --edf=C:\Program Files (x86)\Microchip\xc8\v1.41\dat\en_msgs.txt -cs \
  -h+dist/default/production\Capture.X.production.sym \
  --cmf=dist/default/production\Capture.X.production.cmf -z -Q18F4520 \
  -oC:\Users\DEVILB~1\AppData\Local\Temp\s6tg.2 \
  -Mdist/default/production/Capture.X.production.map -E1 -ver=XC8 \
  -ASTACK=0200h-05ffh -pstack=STACK -ACODE=00h-07FFFh -ACONST=00h-07FFFh \
  -ASMALLCONST=0600h-06FFhx122 -AMEDIUMCONST=0600h-07FFFh -ACOMRAM=01h-07Fh \
  -AABS1=00h-05FFh -ABIGRAM=01h-05FFh -ARAM=080h-0FFh,0100h-01FFhx5 \
  -ABANK0=080h-0FFh -ABANK1=0100h-01FFh -ABANK2=0200h-02FFh \
  -ABANK3=0300h-03FFh -ABANK4=0400h-04FFh -ABANK5=0500h-05FFh \
  -ASFR=0F80h-0FFFh -preset_vec=00h,intcode=08h,intcodelo=018h,powerup,init \
  -pramtop=0600h -psmallconst=SMALLCONST -pmediumconst=MEDIUMCONST \
  -pconst=CONST -AFARRAM=00h-00h -ACONFIG=0300000h-030000Dh -pconfig=CONFIG \
  -AIDLOC=0200000h-0200007h -pidloc=IDLOC -AEEDATA=0F00000h-0F000FFh \
  -peeprom_data=EEDATA \
  -prdata=COMRAM,nvrram=COMRAM,nvbit=COMRAM,rbss=COMRAM,rbit=COMRAM \
  -pfarbss=FARRAM,fardata=FARRAM,nvFARRAM=FARRAM \
  -pintsave_regs=BIGRAM,bigbss=BIGRAM,bigdata=BIGRAM -pbss=RAM \
  -pidata=CODE,irdata=CODE,ibigdata=CODE,ifardata=CODE -prparam=COMRAM \
  C:\Users\DEVILB~1\AppData\Local\Temp\s6tg.obj \
  dist/default/production\Capture.X.production.obj 

Object code version is 3.11

Machine type is 18F4520

Call graph: (short form)




                Name                               Link     Load   Length Selector   Space Scale
C:\Users\DEVILB~1\AppData\Local\Temp\s6tg.obj
                init                                 BC       BC        4        C       0
                reset_vec                             0        0        4        0       0
                idloc                            200000   200000        8   200000       0
                config                           300000   300000        E   300000       0
dist/default/production\Capture.X.production.obj
                intcodelo                            18       18       A4        C       0
                intcode                               8        8        6        4       0
                temp                                 53       53        1        1       1
                smallconst                          600      600       32      300       0
                intcode_body                        944      944       AC      319       0
                text12                              9F0      9F0       82      319       0
                text11                              B2A      B2A       52      319       0
                text10                              B7C      B7C       42      319       0
                text9                               C98      C98       26      319       0
                text8                               CBE      CBE       1E      319       0
                text7                               632      632      1F2      319       0
                text6                               AD4      AD4       56      319       0
                text5                               BBE      BBE       40      319       0
                text4                               A72      A72       62      319       0
                text3                               C34      C34       36      319       0
                text2                               CDC      CDC       10      319       0
                text1                               BFE      BFE       36      319       0
                text0                               824      824      120      319       0
                cstackCOMRAM                          1        1       45        1       1
                bssBANK1                            100      100      100      100       1
                bssCOMRAM                            46       46        D        1       1
                cinit                               C6A      C6A       2E      319       0

TOTAL           Name                               Link     Load   Length     Space
        CLASS   STACK          

        CLASS   CODE           
                intcodelo                            18       18       A4         0
                intcode                               8        8        6         0
                init                                 BC       BC        4         0
                reset_vec                             0        0        4         0
                intcode_body                        944      944       AC         0
                text12                              9F0      9F0       82         0
                text11                              B2A      B2A       52         0
                text10                              B7C      B7C       42         0
                text9                               C98      C98       26         0
                text8                               CBE      CBE       1E         0
                text7                               632      632      1F2         0
                text6                               AD4      AD4       56         0
                text5                               BBE      BBE       40         0
                text4                               A72      A72       62         0
                text3                               C34      C34       36         0
                text2                               CDC      CDC       10         0
                text1                               BFE      BFE       36         0
                text0                               824      824      120         0
                cinit                               C6A      C6A       2E         0

        CLASS   CONST          

        CLASS   SMALLCONST     
                smallconst                          600      600       32         0

        CLASS   MEDIUMCONST    

        CLASS   COMRAM         
                temp                                 53       53        1         1
                cstackCOMRAM                          1        1       45         1
                bssCOMRAM                            46       46        D         1

        CLASS   ABS1           

        CLASS   BIGRAM         

        CLASS   RAM            

        CLASS   BANK0          

        CLASS   BANK1          
                bssBANK1                            100      100      100         1

        CLASS   BANK2          

        CLASS   BANK3          

        CLASS   BANK4          

        CLASS   BANK5          

        CLASS   SFR            

        CLASS   FARRAM         

        CLASS   CONFIG         
                config                           300000   300000        E         0

        CLASS   IDLOC          
                idloc                            200000   200000        8         0

        CLASS   EEDATA         



SEGMENTS        Name                           Load    Length   Top    Selector   Space  Class

                reset_vec                      000000  000004  000004         0       0  CODE    
                cstackCOMRAM                   000001  000053  000054         1       1  COMRAM  
                intcode                        000008  000006  00000E         4       0  CODE    
                intcodelo                      000018  0000A8  0000C0         C       0  CODE    
                bssBANK1                       000100  000100  000200       100       1  BANK1   
                smallconst                     000600  000032  000632       300       0  SMALLCON
                text7                          000632  0006BA  000CEC       319       0  CODE    
                idloc                          200000  000008  200008    200000       0  IDLOC   
                config                         300000  00000E  30000E    300000       0  CONFIG  


UNUSED ADDRESS RANGES

        Name                Unused          Largest block    Delta
        BANK0            000080-0000FF               80
        BANK2            000200-0002FF              100
        BANK3            000300-0003FF              100
        BANK4            000400-0004FF              100
        BANK5            000500-0005FF              100
        BIGRAM           000054-0000FF               AC
                         000200-0005FF              400
        CODE             000004-000007                4
                         00000E-000017                A
                         0000C0-0005FF              540
                         000CEC-007FFF             7314
        COMRAM           000054-00007F               2C
        CONST            000004-000007                4
                         00000E-000017                A
                         0000C0-0005FF              540
                         000CEC-007FFF             7314
        EEDATA           F00000-F000FF              100
        MEDIUMCONST      000CEC-007FFF             7314
        RAM              000080-0000FF               80
                         000200-0005FF              100
        SFR              000F80-000FFF               80
        SMALLCONST       000CEC-007FFF              100
        STACK            000200-0005FF              400

                                  Symbol Table

?___lldiv                      cstackCOMRAM 000020
?___lmul                       cstackCOMRAM 000020
?___lwdiv                      cstackCOMRAM 000020
?___lwmod                      cstackCOMRAM 000027
?___wmul                       cstackCOMRAM 000020
?_sprintf                      cstackCOMRAM 00002D
?_time_after_captrue           cstackCOMRAM 00002C
_BAUDCONbits                   (abs)        000FB8
_CCP2CONbits                   (abs)        000FBA
_CCPR2H                        (abs)        000FBC
_CCPR2L                        (abs)        000FBB
_INTCONbits                    (abs)        000FF2
_IPR1bits                      (abs)        000F9F
_IPR2bits                      (abs)        000FA2
_LATB                          (abs)        000F8A
_OSCCONbits                    (abs)        000FD3
_PIE1bits                      (abs)        000F9D
_PIE2bits                      (abs)        000FA0
_PIR2bits                      (abs)        000FA1
_RCONbits                      (abs)        000FD0
_RCREG                         (abs)        000FAE
_RCSTAbits                     (abs)        000FAB
_SPBRG                         (abs)        000FAF
_SPBRGH                        (abs)        000FB0
_T3CONbits                     (abs)        000FB1
_TRISB                         (abs)        000F93
_TRISCbits                     (abs)        000F94
_TXREG                         (abs)        000FAD
_TXSTAbits                     (abs)        000FAC
__CFG_BOREN$OFF                (abs)        000000
__CFG_BORV$3                   (abs)        000000
__CFG_CCP2MX$PORTC             (abs)        000000
__CFG_CP0$OFF                  (abs)        000000
__CFG_CP1$OFF                  (abs)        000000
__CFG_CP2$OFF                  (abs)        000000
__CFG_CP3$OFF                  (abs)        000000
__CFG_CPB$OFF                  (abs)        000000
__CFG_CPD$OFF                  (abs)        000000
__CFG_EBTR0$OFF                (abs)        000000
__CFG_EBTR1$OFF                (abs)        000000
__CFG_EBTR2$OFF                (abs)        000000
__CFG_EBTR3$OFF                (abs)        000000
__CFG_EBTRB$OFF                (abs)        000000
__CFG_FCMEN$OFF                (abs)        000000
__CFG_IESO$OFF                 (abs)        000000
__CFG_LPT1OSC$OFF              (abs)        000000
__CFG_LVP$OFF                  (abs)        000000
__CFG_MCLRE$ON                 (abs)        000000
__CFG_OSC$INTIO67              (abs)        000000
__CFG_PBADEN$OFF               (abs)        000000
__CFG_PWRT$OFF                 (abs)        000000
__CFG_STVREN$ON                (abs)        000000
__CFG_WDT$OFF                  (abs)        000000
__CFG_WDTPS$32768              (abs)        000000
__CFG_WRT0$OFF                 (abs)        000000
__CFG_WRT1$OFF                 (abs)        000000
__CFG_WRT2$OFF                 (abs)        000000
__CFG_WRT3$OFF                 (abs)        000000
__CFG_WRTB$OFF                 (abs)        000000
__CFG_WRTC$OFF                 (abs)        000000
__CFG_WRTD$OFF                 (abs)        000000
__CFG_XINST$OFF                (abs)        000000
__HRAM                         (abs)        000000
__Habs1                        abs1         000000
__Hbank0                       bank0        000000
__Hbank1                       bank1        000000
__Hbank2                       bank2        000000
__Hbank3                       bank3        000000
__Hbank4                       bank4        000000
__Hbank5                       bank5        000000
__Hbigbss                      bigbss       000000
__Hbigdata                     bigdata      000000
__Hbigram                      bigram       000000
__Hbss                         bss          000000
__HbssBANK1                    bssBANK1     000000
__HbssCOMRAM                   bssCOMRAM    000000
__Hcinit                       cinit        000000
__Hclrtext                     clrtext      000000
__Hcomram                      comram       000000
__Hconfig                      config       30000E
__Hconst                       const        000000
__HcstackCOMRAM                cstackCOMRAM 000000
__Hdata                        data         000000
__Heeprom_data                 eeprom_data  000000
__Hfarbss                      farbss       000000
__Hfardata                     fardata      000000
__Hibigdata                    ibigdata     000000
__Hidata                       idata        000000
__Hidloc                       idloc        200008
__Hifardata                    ifardata     000000
__Hinit                        init         0000C0
__Hintcode                     intcode      00000E
__Hintcode_body                intcode_body 000000
__Hintcodelo                   intcodelo    0000BC
__Hintentry                    intentry     000000
__Hintret                      intret       000000
__Hintsave_regs                intsave_regs 000000
__Hirdata                      irdata       000000
__Hmediumconst                 mediumconst  000000
__HnvFARRAM                    nvFARRAM     000000
__Hnvbit                       nvbit        000000
__Hnvrram                      nvrram       000000
__Hparam                       rparam       000000
__Hpowerup                     powerup      0000BC
__Hram                         ram          000000
__Hramtop                      ramtop       000600
__Hrbit                        rbit         000000
__Hrbss                        rbss         000000
__Hrdata                       rdata        000000
__Hreset_vec                   reset_vec    000004
__Hrparam                      rparam       000000
__Hsfr                         sfr          000000
__Hsmallconst                  smallconst   000632
__Hspace_0                     (abs)        30000E
__Hspace_1                     (abs)        000200
__Hspace_2                     (abs)        000000
__Hstack                       stack        000000
__Hstruct                      struct       000000
__Htemp                        temp         000054
__Htext                        text         000000
__Htext0                       text0        000000
__Htext1                       text1        000000
__Htext10                      text10       000000
__Htext11                      text11       000000
__Htext12                      text12       000000
__Htext2                       text2        000000
__Htext3                       text3        000000
__Htext4                       text4        000000
__Htext5                       text5        000000
__Htext6                       text6        000000
__Htext7                       text7        000000
__Htext8                       text8        000000
__Htext9                       text9        000000
__LRAM                         (abs)        000001
__Labs1                        abs1         000000
__Lbank0                       bank0        000000
__Lbank1                       bank1        000000
__Lbank2                       bank2        000000
__Lbank3                       bank3        000000
__Lbank4                       bank4        000000
__Lbank5                       bank5        000000
__Lbigbss                      bigbss       000000
__Lbigdata                     bigdata      000000
__Lbigram                      bigram       000000
__Lbss                         bss          000000
__LbssBANK1                    bssBANK1     000000
__LbssCOMRAM                   bssCOMRAM    000000
__Lcinit                       cinit        000000
__Lclrtext                     clrtext      000000
__Lcomram                      comram       000000
__Lconfig                      config       300000
__Lconst                       const        000000
__LcstackCOMRAM                cstackCOMRAM 000000
__Ldata                        data         000000
__Leeprom_data                 eeprom_data  000000
__Lfarbss                      farbss       000000
__Lfardata                     fardata      000000
__Libigdata                    ibigdata     000000
__Lidata                       idata        000000
__Lidloc                       idloc        200000
__Lifardata                    ifardata     000000
__Linit                        init         0000BC
__Lintcode                     intcode      000008
__Lintcode_body                intcode_body 000000
__Lintcodelo                   intcodelo    000018
__Lintentry                    intentry     000000
__Lintret                      intret       000000
__Lintsave_regs                intsave_regs 000000
__Lirdata                      irdata       000000
__Lmediumconst                 mediumconst  000000
__LnvFARRAM                    nvFARRAM     000000
__Lnvbit                       nvbit        000000
__Lnvrram                      nvrram       000000
__Lparam                       rparam       000000
__Lpowerup                     powerup      0000BC
__Lram                         ram          000000
__Lramtop                      ramtop       000600
__Lrbit                        rbit         000000
__Lrbss                        rbss         000000
__Lrdata                       rdata        000000
__Lreset_vec                   reset_vec    000000
__Lrparam                      rparam       000000
__Lsfr                         sfr          000000
__Lsmallconst                  smallconst   000600
__Lspace_0                     (abs)        000000
__Lspace_1                     (abs)        000000
__Lspace_2                     (abs)        000000
__Lstack                       stack        000000
__Lstruct                      struct       000000
__Ltemp                        temp         000053
__Ltext                        text         000000
__Ltext0                       text0        000000
__Ltext1                       text1        000000
__Ltext10                      text10       000000
__Ltext11                      text11       000000
__Ltext12                      text12       000000
__Ltext2                       text2        000000
__Ltext3                       text3        000000
__Ltext4                       text4        000000
__Ltext5                       text5        000000
__Ltext6                       text6        000000
__Ltext7                       text7        000000
__Ltext8                       text8        000000
__Ltext9                       text9        000000
__S0                           (abs)        30000E
__S1                           (abs)        000200
__S2                           (abs)        000000
___inthi_sp                    stack        000000
___intlo_sp                    stack        000000
___lldiv                       text12       0009F0
___lldiv@counter               cstackCOMRAM 00002C
___lldiv@dividend              cstackCOMRAM 000020
___lldiv@divisor               cstackCOMRAM 000024
___lldiv@quotient              cstackCOMRAM 000028
___lmul                        text6        000AD4
___lmul@multiplicand           cstackCOMRAM 000024
___lmul@multiplier             cstackCOMRAM 000020
___lmul@product                cstackCOMRAM 000028
___lwdiv                       text11       000B2A
___lwdiv@counter               cstackCOMRAM 000026
___lwdiv@dividend              cstackCOMRAM 000020
___lwdiv@divisor               cstackCOMRAM 000022
___lwdiv@quotient              cstackCOMRAM 000024
___lwmod                       text10       000B7C
___lwmod@counter               cstackCOMRAM 00002B
___lwmod@dividend              cstackCOMRAM 000027
___lwmod@divisor               cstackCOMRAM 000029
___param_bank                  (abs)        000000
___rparam_used                 (abs)        000001
___sp                          stack        000000
___wmul                        text9        000C98
___wmul@multiplicand           cstackCOMRAM 000022
___wmul@multiplier             cstackCOMRAM 000020
___wmul@product                cstackCOMRAM 000024
__accesstop                    (abs)        000080
__activetblptr                 (abs)        000002
__end_of___lldiv               text12       000A72
__end_of___lmul                text6        000B2A
__end_of___lwdiv               text11       000B7C
__end_of___lwmod               text10       000BBE
__end_of___wmul                text9        000CBE
__end_of__initialization       cinit        000C8A
__end_of_dpowers               smallconst   00060B
__end_of_high_isr              intcode_body 0009F0
__end_of_isdigit               text8        000CDC
__end_of_low_isr               intcodelo    0000BC
__end_of_main                  text0        000944
__end_of_memcpy                text5        000BFE
__end_of_sprintf               text7        000824
__end_of_time_after_captrue    text4        000AD4
__end_of_uart_init             text3        000C6A
__end_of_uart_send             text2        000CEC
__end_of_uart_send_string      text1        000C34
__initialization               cinit        000C6A
__mediumconst                  mediumconst  000000
__pbssBANK1                    bssBANK1     000100
__pbssCOMRAM                   bssCOMRAM    000046
__pcinit                       cinit        000C6A
__pcstackCOMRAM                cstackCOMRAM 000001
__pintcode                     intcode      000008
__pintcode_body                intcode_body 000944
__pintcodelo                   intcodelo    000018
__psmallconst                  smallconst   000600
__ptext0                       text0        000824
__ptext1                       text1        000BFE
__ptext10                      text10       000B7C
__ptext11                      text11       000B2A
__ptext12                      text12       0009F0
__ptext2                       text2        000CDC
__ptext3                       text3        000C34
__ptext4                       text4        000A72
__ptext5                       text5        000BBE
__ptext6                       text6        000AD4
__ptext7                       text7        000632
__ptext8                       text8        000CBE
__ptext9                       text9        000C98
__ramtop                       ramtop       000600
__size_of___lldiv              (abs)        000000
__size_of___lmul               (abs)        000000
__size_of___lwdiv              (abs)        000000
__size_of___lwmod              (abs)        000000
__size_of___wmul               (abs)        000000
__size_of_high_isr             (abs)        000000
__size_of_isdigit              (abs)        000000
__size_of_low_isr              (abs)        000000
__size_of_main                 (abs)        000000
__size_of_memcpy               (abs)        000000
__size_of_sprintf              (abs)        000000
__size_of_time_after_captrue   (abs)        000000
__size_of_uart_init            (abs)        000000
__size_of_uart_send            (abs)        000000
__size_of_uart_send_string     (abs)        000000
__smallconst                   smallconst   000600
_cap_overflow_tmr3             bssCOMRAM    000046
_captrue_value                 bssCOMRAM    000051
_ccp2value                     bssCOMRAM    00004E
_dpowers                       smallconst   000601
_high_isr                      intcode      000008
_isdigit                       text8        000CBE
_isdigit$1040                  cstackCOMRAM 000021
_low_isr                       intcodelo    000018
_main                          text0        000824
_memcpy                        text5        000BBE
_new_time_bool                 bssCOMRAM    000050
_overflow_tmr3                 bssCOMRAM    00004A
_print_buffer                  bssBANK1     000100
_sprintf                       text7        000632
_time_after_captrue            text4        000A72
_uart_init                     text3        000C34
_uart_send                     text2        000CDC
_uart_send_string              text1        000BFE
btemp                          temp         000053
end_of_initialization          cinit        000C8A
int$flags                      temp         000053
int_func                       intcode_body 000944
intlevel0                      text         000000
intlevel1                      text         000000
intlevel2                      text         000000
intlevel3                      text         000000
isdigit@c                      cstackCOMRAM 000022
main@time_ccp                  cstackCOMRAM 000042
memcpy@d                       cstackCOMRAM 000026
memcpy@d1                      cstackCOMRAM 000020
memcpy@n                       cstackCOMRAM 000024
memcpy@s                       cstackCOMRAM 000028
memcpy@s1                      cstackCOMRAM 000022
sprintf@ap                     cstackCOMRAM 00003A
sprintf@c                      cstackCOMRAM 000041
sprintf@f                      cstackCOMRAM 00002F
sprintf@flag                   cstackCOMRAM 000039
sprintf@prec                   cstackCOMRAM 00003E
sprintf@sp                     cstackCOMRAM 00002D
sprintf@val                    cstackCOMRAM 00003C
sprintf@width                  cstackCOMRAM 00003F
stackhi                        (abs)        0005FF
stacklo                        (abs)        000200
start                          init         0000BC
start_initialization           cinit        000C6A
time_after_captrue@cap_value   cstackCOMRAM 000032
time_after_captrue@captrue_now cstackCOMRAM 000030
time_after_captrue@overflow    cstackCOMRAM 00002C
uart_init@brg16                cstackCOMRAM 000026
uart_init@brgh                 cstackCOMRAM 000024
uart_init@gen_reg              cstackCOMRAM 000020
uart_init@sync                 cstackCOMRAM 000022
uart_send@c                    cstackCOMRAM 000020
uart_send_string@c             cstackCOMRAM 000021
uart_send_string@i             cstackCOMRAM 000023


FUNCTION INFORMATION:

 *************** function _main *****************
 Defined at:
		line 35 in file "main.c"
 Parameters:    Size  Location     Type
		None
 Auto vars:     Size  Location     Type
  time_ccp        4   65[COMRAM] unsigned long 
 Return value:  Size  Location     Type
                  1    wreg      void 
 Registers used:
		wreg, fsr1l, fsr1h, fsr2l, fsr2h, status,2, status,0, tblptrl, tblptrh, tblptru, prodl, prodh, cstack
 Tracked objects:
		On entry : 
		On exit  : 
		Unchanged: 
 Data sizes:     COMRAM   BANK0   BANK1   BANK2   BANK3   BANK4   BANK5
      Params:         0       0       0       0       0       0       0
      Locals:         4       0       0       0       0       0       0
      Temps:          0       0       0       0       0       0       0
      Totals:         4       0       0       0       0       0       0
Total ram usage:        4 bytes
 Hardware stack levels required when called:    4
 This function calls:
		___lldiv
		_sprintf
		_time_after_captrue
		_uart_init
		_uart_send_string
 This function is called by:
		Startup code after reset
 This function uses a non-reentrant model


 *************** function _uart_send_string *****************
 Defined at:
		line 50 in file "uart_layer.c"
 Parameters:    Size  Location     Type
  c               2   32[COMRAM] PTR unsigned char 
		 -> print_buffer(256), 
 Auto vars:     Size  Location     Type
  i               1   34[COMRAM] unsigned char 
 Return value:  Size  Location     Type
                  1    wreg      void 
 Registers used:
		wreg, fsr2l, fsr2h, status,2, status,0, prodl, prodh, cstack
 Tracked objects:
		On entry : 
		On exit  : 
		Unchanged: 
 Data sizes:     COMRAM   BANK0   BANK1   BANK2   BANK3   BANK4   BANK5
      Params:         2       0       0       0       0       0       0
      Locals:         1       0       0       0       0       0       0
      Temps:          0       0       0       0       0       0       0
      Totals:         3       0       0       0       0       0       0
Total ram usage:        3 bytes
 Hardware stack levels used:    1
 Hardware stack levels required when called:    3
 This function calls:
		_uart_send
 This function is called by:
		_main
 This function uses a non-reentrant model


 *************** function _uart_send *****************
 Defined at:
		line 24 in file "uart_layer.c"
 Parameters:    Size  Location     Type
  c               1    wreg     unsigned char 
 Auto vars:     Size  Location     Type
  c               1   31[COMRAM] unsigned char 
 Return value:  Size  Location     Type
                  1    wreg      void 
 Registers used:
		wreg
 Tracked objects:
		On entry : 
		On exit  : 
		Unchanged: 
 Data sizes:     COMRAM   BANK0   BANK1   BANK2   BANK3   BANK4   BANK5
      Params:         0       0       0       0       0       0       0
      Locals:         1       0       0       0       0       0       0
      Temps:          0       0       0       0       0       0       0
      Totals:         1       0       0       0       0       0       0
Total ram usage:        1 bytes
 Hardware stack levels used:    1
 Hardware stack levels required when called:    2
 This function calls:
		Nothing
 This function is called by:
		_uart_send_string
		_uart_send_array
 This function uses a non-reentrant model


 *************** function _uart_init *****************
 Defined at:
		line 4 in file "uart_layer.c"
 Parameters:    Size  Location     Type
  gen_reg         2   31[COMRAM] unsigned int 
  sync            2   33[COMRAM] unsigned int 
  brgh            2   35[COMRAM] unsigned int 
  brg16           2   37[COMRAM] unsigned int 
 Auto vars:     Size  Location     Type
		None
 Return value:  Size  Location     Type
                  1    wreg      void 
 Registers used:
		wreg, status,2
 Tracked objects:
		On entry : 
		On exit  : 
		Unchanged: 
 Data sizes:     COMRAM   BANK0   BANK1   BANK2   BANK3   BANK4   BANK5
      Params:         8       0       0       0       0       0       0
      Locals:         0       0       0       0       0       0       0
      Temps:          0       0       0       0       0       0       0
      Totals:         8       0       0       0       0       0       0
Total ram usage:        8 bytes
 Hardware stack levels used:    1
 Hardware stack levels required when called:    2
 This function calls:
		Nothing
 This function is called by:
		_main
 This function uses a non-reentrant model


 *************** function _time_after_captrue *****************
 Defined at:
		line 29 in file "main.c"
 Parameters:    Size  Location     Type
  overflow        4   43[COMRAM] unsigned long 
  captrue_now     2   47[COMRAM] PTR struct .
		 -> captrue_value(2), 
 Auto vars:     Size  Location     Type
  cap_value       2   49[COMRAM] unsigned int 
 Return value:  Size  Location     Type
                  4   43[COMRAM] unsigned long 
 Registers used:
		wreg, fsr1l, fsr1h, fsr2l, fsr2h, status,2, status,0, cstack
 Tracked objects:
		On entry : 
		On exit  : 
		Unchanged: 
 Data sizes:     COMRAM   BANK0   BANK1   BANK2   BANK3   BANK4   BANK5
      Params:         6       0       0       0       0       0       0
      Locals:         2       0       0       0       0       0       0
      Temps:          0       0       0       0       0       0       0
      Totals:         8       0       0       0       0       0       0
Total ram usage:        8 bytes
 Hardware stack levels used:    1
 Hardware stack levels required when called:    3
 This function calls:
		___lmul
		_memcpy
 This function is called by:
		_main
 This function uses a non-reentrant model


 *************** function _memcpy *****************
 Defined at:
		line 11 in file "C:\Program Files (x86)\Microchip\xc8\v1.41\sources\common\memcpy.c"
 Parameters:    Size  Location     Type
  d1              2   31[COMRAM] PTR void 
		 -> time_after_captrue@cap_value(2), 
  s1              2   33[COMRAM] PTR const void 
		 -> captrue_value(2), 
  n               2   35[COMRAM] unsigned int 
 Auto vars:     Size  Location     Type
  s               2   39[COMRAM] PTR const unsigned char 
		 -> captrue_value(2), 
  d               2   37[COMRAM] PTR unsigned char 
		 -> time_after_captrue@cap_value(2), 
 Return value:  Size  Location     Type
                  2   31[COMRAM] PTR void 
 Registers used:
		wreg, fsr1l, fsr1h, fsr2l, fsr2h, status,2, status,0
 Tracked objects:
		On entry : 
		On exit  : 
		Unchanged: 
 Data sizes:     COMRAM   BANK0   BANK1   BANK2   BANK3   BANK4   BANK5
      Params:         6       0       0       0       0       0       0
      Locals:         4       0       0       0       0       0       0
      Temps:          0       0       0       0       0       0       0
      Totals:        10       0       0       0       0       0       0
Total ram usage:       10 bytes
 Hardware stack levels used:    1
 Hardware stack levels required when called:    2
 This function calls:
		Nothing
 This function is called by:
		_time_after_captrue
 This function uses a non-reentrant model


 *************** function ___lmul *****************
 Defined at:
		line 15 in file "C:\Program Files (x86)\Microchip\xc8\v1.41\sources\common\Umul32.c"
 Parameters:    Size  Location     Type
  multiplier      4   31[COMRAM] unsigned long 
  multiplicand    4   35[COMRAM] unsigned long 
 Auto vars:     Size  Location     Type
  product         4   39[COMRAM] unsigned long 
 Return value:  Size  Location     Type
                  4   31[COMRAM] unsigned long 
 Registers used:
		wreg, status,2, status,0
 Tracked objects:
		On entry : 
		On exit  : 
		Unchanged: 
 Data sizes:     COMRAM   BANK0   BANK1   BANK2   BANK3   BANK4   BANK5
      Params:         8       0       0       0       0       0       0
      Locals:         4       0       0       0       0       0       0
      Temps:          0       0       0       0       0       0       0
      Totals:        12       0       0       0       0       0       0
Total ram usage:       12 bytes
 Hardware stack levels used:    1
 Hardware stack levels required when called:    2
 This function calls:
		Nothing
 This function is called by:
		_time_after_captrue
 This function uses a non-reentrant model


 *************** function _sprintf *****************
 Defined at:
		line 492 in file "C:\Program Files (x86)\Microchip\xc8\v1.41\sources\common\doprnt.c"
 Parameters:    Size  Location     Type
  sp              2   44[COMRAM] PTR unsigned char 
		 -> print_buffer(256), 
  f               2   46[COMRAM] PTR const unsigned char 
		 -> STR_2(19), STR_1(18), 
 Auto vars:     Size  Location     Type
  tmpval          4    0        struct .
  cp              3    0        PTR const unsigned char 
  width           2   62[COMRAM] int 
  val             2   59[COMRAM] unsigned int 
  ap              2   57[COMRAM] PTR void [1]
		 -> ?_sprintf(2), 
  len             2    0        unsigned int 
  c               1   64[COMRAM] char 
  prec            1   61[COMRAM] char 
  flag            1   56[COMRAM] unsigned char 
 Return value:  Size  Location     Type
                  2   44[COMRAM] int 
 Registers used:
		wreg, fsr2l, fsr2h, status,2, status,0, tblptrl, tblptrh, tblptru, prodl, prodh, cstack
 Tracked objects:
		On entry : 
		On exit  : 
		Unchanged: 
 Data sizes:     COMRAM   BANK0   BANK1   BANK2   BANK3   BANK4   BANK5
      Params:         8       0       0       0       0       0       0
      Locals:         9       0       0       0       0       0       0
      Temps:          4       0       0       0       0       0       0
      Totals:        21       0       0       0       0       0       0
Total ram usage:       21 bytes
 Hardware stack levels used:    1
 Hardware stack levels required when called:    3
 This function calls:
		___lwdiv
		___lwmod
		___wmul
		_isdigit
 This function is called by:
		_main
 This function uses a non-reentrant model


 *************** function _isdigit *****************
 Defined at:
		line 8 in file "C:\Program Files (x86)\Microchip\xc8\v1.41\sources\common\isdigit.c"
 Parameters:    Size  Location     Type
  c               1    wreg     unsigned char 
 Auto vars:     Size  Location     Type
  c               1   33[COMRAM] unsigned char 
 Return value:  Size  Location     Type
		None               void
 Registers used:
		wreg, status,2, status,0
 Tracked objects:
		On entry : 
		On exit  : 
		Unchanged: 
 Data sizes:     COMRAM   BANK0   BANK1   BANK2   BANK3   BANK4   BANK5
      Params:         0       0       0       0       0       0       0
      Locals:         2       0       0       0       0       0       0
      Temps:          1       0       0       0       0       0       0
      Totals:         3       0       0       0       0       0       0
Total ram usage:        3 bytes
 Hardware stack levels used:    1
 Hardware stack levels required when called:    2
 This function calls:
		Nothing
 This function is called by:
		_sprintf
 This function uses a non-reentrant model


 *************** function ___wmul *****************
 Defined at:
		line 15 in file "C:\Program Files (x86)\Microchip\xc8\v1.41\sources\common\Umul16.c"
 Parameters:    Size  Location     Type
  multiplier      2   31[COMRAM] unsigned int 
  multiplicand    2   33[COMRAM] unsigned int 
 Auto vars:     Size  Location     Type
  product         2   35[COMRAM] unsigned int 
 Return value:  Size  Location     Type
                  2   31[COMRAM] unsigned int 
 Registers used:
		wreg, status,2, status,0, prodl, prodh
 Tracked objects:
		On entry : 
		On exit  : 
		Unchanged: 
 Data sizes:     COMRAM   BANK0   BANK1   BANK2   BANK3   BANK4   BANK5
      Params:         4       0       0       0       0       0       0
      Locals:         2       0       0       0       0       0       0
      Temps:          0       0       0       0       0       0       0
      Totals:         6       0       0       0       0       0       0
Total ram usage:        6 bytes
 Hardware stack levels used:    1
 Hardware stack levels required when called:    2
 This function calls:
		Nothing
 This function is called by:
		_sprintf
 This function uses a non-reentrant model


 *************** function ___lwmod *****************
 Defined at:
		line 8 in file "C:\Program Files (x86)\Microchip\xc8\v1.41\sources\common\lwmod.c"
 Parameters:    Size  Location     Type
  dividend        2   38[COMRAM] unsigned int 
  divisor         2   40[COMRAM] unsigned int 
 Auto vars:     Size  Location     Type
  counter         1   42[COMRAM] unsigned char 
 Return value:  Size  Location     Type
                  2   38[COMRAM] unsigned int 
 Registers used:
		wreg, status,2, status,0
 Tracked objects:
		On entry : 
		On exit  : 
		Unchanged: 
 Data sizes:     COMRAM   BANK0   BANK1   BANK2   BANK3   BANK4   BANK5
      Params:         4       0       0       0       0       0       0
      Locals:         1       0       0       0       0       0       0
      Temps:          0       0       0       0       0       0       0
      Totals:         5       0       0       0       0       0       0
Total ram usage:        5 bytes
 Hardware stack levels used:    1
 Hardware stack levels required when called:    2
 This function calls:
		Nothing
 This function is called by:
		_sprintf
 This function uses a non-reentrant model


 *************** function ___lwdiv *****************
 Defined at:
		line 8 in file "C:\Program Files (x86)\Microchip\xc8\v1.41\sources\common\lwdiv.c"
 Parameters:    Size  Location     Type
  dividend        2   31[COMRAM] unsigned int 
  divisor         2   33[COMRAM] unsigned int 
 Auto vars:     Size  Location     Type
  quotient        2   35[COMRAM] unsigned int 
  counter         1   37[COMRAM] unsigned char 
 Return value:  Size  Location     Type
                  2   31[COMRAM] unsigned int 
 Registers used:
		wreg, status,2, status,0
 Tracked objects:
		On entry : 
		On exit  : 
		Unchanged: 
 Data sizes:     COMRAM   BANK0   BANK1   BANK2   BANK3   BANK4   BANK5
      Params:         4       0       0       0       0       0       0
      Locals:         3       0       0       0       0       0       0
      Temps:          0       0       0       0       0       0       0
      Totals:         7       0       0       0       0       0       0
Total ram usage:        7 bytes
 Hardware stack levels used:    1
 Hardware stack levels required when called:    2
 This function calls:
		Nothing
 This function is called by:
		_sprintf
 This function uses a non-reentrant model


 *************** function ___lldiv *****************
 Defined at:
		line 8 in file "C:\Program Files (x86)\Microchip\xc8\v1.41\sources\common\lldiv.c"
 Parameters:    Size  Location     Type
  dividend        4   31[COMRAM] unsigned long 
  divisor         4   35[COMRAM] unsigned long 
 Auto vars:     Size  Location     Type
  quotient        4   39[COMRAM] unsigned long 
  counter         1   43[COMRAM] unsigned char 
 Return value:  Size  Location     Type
                  4   31[COMRAM] unsigned long 
 Registers used:
		wreg, status,2, status,0
 Tracked objects:
		On entry : 
		On exit  : 
		Unchanged: 
 Data sizes:     COMRAM   BANK0   BANK1   BANK2   BANK3   BANK4   BANK5
      Params:         8       0       0       0       0       0       0
      Locals:         5       0       0       0       0       0       0
      Temps:          0       0       0       0       0       0       0
      Totals:        13       0       0       0       0       0       0
Total ram usage:       13 bytes
 Hardware stack levels used:    1
 Hardware stack levels required when called:    2
 This function calls:
		Nothing
 This function is called by:
		_main
 This function uses a non-reentrant model


 *************** function _low_isr *****************
 Defined at:
		line 101 in file "main.c"
 Parameters:    Size  Location     Type
		None
 Auto vars:     Size  Location     Type
		None
 Return value:  Size  Location     Type
                  1    wreg      void 
 Registers used:
		wreg, status,2, status,0
 Tracked objects:
		On entry : 
		On exit  : 
		Unchanged: 
 Data sizes:     COMRAM   BANK0   BANK1   BANK2   BANK3   BANK4   BANK5
      Params:         0       0       0       0       0       0       0
      Locals:         0       0       0       0       0       0       0
      Temps:         17       0       0       0       0       0       0
      Totals:        17       0       0       0       0       0       0
Total ram usage:       17 bytes
 Hardware stack levels used:    1
 Hardware stack levels required when called:    1
 This function calls:
		Nothing
 This function is called by:
		Interrupt level 1
 This function uses a non-reentrant model


 *************** function _high_isr *****************
 Defined at:
		line 88 in file "main.c"
 Parameters:    Size  Location     Type
		None
 Auto vars:     Size  Location     Type
		None
 Return value:  Size  Location     Type
                  1    wreg      void 
 Registers used:
		wreg, status,2
 Tracked objects:
		On entry : 
		On exit  : 
		Unchanged: 
 Data sizes:     COMRAM   BANK0   BANK1   BANK2   BANK3   BANK4   BANK5
      Params:         0       0       0       0       0       0       0
      Locals:         0       0       0       0       0       0       0
      Temps:         14       0       0       0       0       0       0
      Totals:        14       0       0       0       0       0       0
Total ram usage:       14 bytes
 Hardware stack levels used:    1
 This function calls:
		Nothing
 This function is called by:
		Interrupt level 2
 This function uses a non-reentrant model



MODULE INFORMATION

Module		Function		Class		Link	Load	Size
C:\Program Files (x86)\Microchip\xc8\v1.41\sources\common\lwdiv.c
		___lwdiv       		CODE           	0B2A	0000	83

C:\Program Files (x86)\Microchip\xc8\v1.41\sources\common\lwdiv.c estimated size: 83

C:\Program Files (x86)\Microchip\xc8\v1.41\sources\common\lldiv.c
		___lldiv       		CODE           	09F0	0000	131

C:\Program Files (x86)\Microchip\xc8\v1.41\sources\common\lldiv.c estimated size: 131

C:\Program Files (x86)\Microchip\xc8\v1.41\sources\common\doprnt.c
		_sprintf       		CODE           	0632	0000	499

C:\Program Files (x86)\Microchip\xc8\v1.41\sources\common\doprnt.c estimated size: 499

C:\Program Files (x86)\Microchip\xc8\v1.41\sources\common\memcpy.c
		_memcpy        		CODE           	0BBE	0000	65

C:\Program Files (x86)\Microchip\xc8\v1.41\sources\common\memcpy.c estimated size: 65

C:\Program Files (x86)\Microchip\xc8\v1.41\sources\common\Umul16.c
		___wmul        		CODE           	0C98	0000	39

C:\Program Files (x86)\Microchip\xc8\v1.41\sources\common\Umul16.c estimated size: 39

C:\Program Files (x86)\Microchip\xc8\v1.41\sources\common\isdigit.c
		_isdigit       		CODE           	0CBE	0000	31

C:\Program Files (x86)\Microchip\xc8\v1.41\sources\common\isdigit.c estimated size: 31

C:\Program Files (x86)\Microchip\xc8\v1.41\sources\common\Umul32.c
		___lmul        		CODE           	0AD4	0000	87

C:\Program Files (x86)\Microchip\xc8\v1.41\sources\common\Umul32.c estimated size: 87

shared
		_dpowers       		SMALLCONST     	0601	0000	11
		__initialization		CODE           	0C6A	0000	33

shared estimated size: 44

C:\Program Files (x86)\Microchip\xc8\v1.41\sources\common\lwmod.c
		___lwmod       		CODE           	0B7C	0000	67

C:\Program Files (x86)\Microchip\xc8\v1.41\sources\common\lwmod.c estimated size: 67

uart_layer.c
		_uart_init     		CODE           	0C34	0000	55
		_uart_send     		CODE           	0CDC	0000	17
		_uart_send_string		CODE           	0BFE	0000	55

uart_layer.c estimated size: 127

main.c
		_main          		CODE           	0824	0000	289
		_high_isr      		CODE           	0008	0000	179
		_time_after_captrue		CODE           	0A72	0000	99
		_low_isr       		CODE           	0018	0000	165

main.c estimated size: 732

